how to use add

>>> add_integer = __import__('0-add_integer.py').add_integer
ok
>>> add_integer(1, 2)
3

>>> add_integer(100, -2)
98

>>> add_integer(2)
100

>>> add_integer(100.3, -2)
98

>>> add_integer(0)
98

>>> add_integer(-10, 10)
0

>>> add_integer(1.5, 2.5)
3

>>> add_integer("a", 1)
Traceback (most recent call last):
    ...
TypeError: a must be an integer

>>> add_integer(1, "b")
Traceback (most recent call last):
    ...
TypeError: b must be an integer
>>> add_integer(1, 2)
3

>>> add_integer(100, -2)
98

>>> add_integer(2)
100

>>> add_integer(100.3, -2)
98

>>> add_integer(0)
98

>>> add_integer(-10, 10)
0

>>> add_integer(1.5, 2.5)
3

>>> add_integer("a", 1)
Traceback (most recent call last):
    ...
TypeError: a must be an integer

>>> add_integer(1, "b")
Traceback (most recent call last):
    ...
TypeError: b must be an integer
